// Jest Snapshot v1, https://goo.gl/fbAQLP

exports[`Render withAudio withAudio is reb=ndered correctly 1`] = `
<div>
  <audio />
</div>
`;
